2026-09-29 11:32:29 | INFO    | data: n=222, features=27, unique molecules=196
2026-09-29 11:32:29 | INFO    | target: delta_PCE = PCE - control_PCE (mean=1.780, std=1.338)
2026-09-29 11:32:29 | INFO    | trials=150, inner_trials=60, seed=42
2026-09-29 11:32:29 | INFO    | >>> [random_cv] Random split + CV | train=188 test=34 | outer folds=5
2026-09-29 11:32:42 | INFO    |     trial  25/150 | best CV RMSE = 1.1903
2026-09-29 11:32:57 | INFO    |     trial  50/150 | best CV RMSE = 1.1776
2026-09-29 11:33:25 | INFO    |     trial  75/150 | best CV RMSE = 1.1687
2026-09-29 11:33:53 | INFO    |     trial 100/150 | best CV RMSE = 1.1687
2026-09-29 11:34:23 | INFO    |     trial 125/150 | best CV RMSE = 1.1687
2026-09-29 11:34:56 | INFO    |     trial 150/150 | best CV RMSE = 1.1687
2026-09-29 11:34:56 | INFO    |     best CV RMSE = 1.1687 | params = {'n_estimators': 500, 'max_depth': 7, 'learning_rate': 0.003582668380477315, 'subsample': 0.891370098602826, 'colsample_bytree': 0.5140598136201725, 'min_child_weight': 1, 'gamma': 0.13172406630752387, 'reg_alpha': 0.004494155267737683, 'reg_lambda': 0.25913437415567797}
2026-09-29 11:34:56 | INFO    |     saved -> best_params.json
2026-09-29 11:35:01 | INFO    |     figures -> D:\code\ml-perovskite-buried\buried_interface_nestedCV\outputs\random_cv\figures
2026-09-29 11:35:01 | INFO    |     done in 151.8s
2026-09-29 11:35:01 | INFO    | >>> [random_nested] Random split + NestedCV | train=188 test=34 | outer folds=5
2026-09-29 11:35:48 | INFO    |     outer fold 1/5 | inner best CV RMSE = 1.0949 | n_train=150 n_test=38
2026-09-29 11:36:29 | INFO    |     outer fold 2/5 | inner best CV RMSE = 1.0966 | n_train=150 n_test=38
2026-09-29 11:36:57 | INFO    |     outer fold 3/5 | inner best CV RMSE = 1.2670 | n_train=150 n_test=38
2026-09-29 11:37:28 | INFO    |     outer fold 4/5 | inner best CV RMSE = 1.2711 | n_train=151 n_test=37
2026-09-29 11:38:23 | INFO    |     outer fold 5/5 | inner best CV RMSE = 1.0841 | n_train=151 n_test=37
2026-09-29 11:38:23 | INFO    |     deployed params from outer fold 5 (inner CV RMSE 1.0841): {'n_estimators': 350, 'max_depth': 8, 'learning_rate': 0.0058346080544045475, 'subsample': 0.8885288998651996, 'colsample_bytree': 0.9984739469938622, 'min_child_weight': 3, 'gamma': 0.08502389338517012, 'reg_alpha': 0.00030185251347672395, 'reg_lambda': 0.00012590325240846605}
2026-09-29 11:38:23 | INFO    |     saved -> best_params.json
2026-09-29 11:38:32 | INFO    |     figures -> D:\code\ml-perovskite-buried\buried_interface_nestedCV\outputs\random_nested\figures
2026-09-29 11:38:32 | INFO    |     done in 211.5s
2026-09-29 11:38:32 | INFO    | >>> [group_cv] Group split + CV | train=191 test=31 | outer folds=5
2026-09-29 11:38:46 | INFO    |     trial  25/150 | best CV RMSE = 1.2731
2026-09-29 11:38:58 | INFO    |     trial  50/150 | best CV RMSE = 1.2682
2026-09-29 11:39:22 | INFO    |     trial  75/150 | best CV RMSE = 1.2558
2026-09-29 11:39:49 | INFO    |     trial 100/150 | best CV RMSE = 1.2553
2026-09-29 11:40:14 | INFO    |     trial 125/150 | best CV RMSE = 1.2551
2026-09-29 11:40:41 | INFO    |     trial 150/150 | best CV RMSE = 1.2551
2026-09-29 11:40:41 | INFO    |     best CV RMSE = 1.2551 | params = {'n_estimators': 300, 'max_depth': 7, 'learning_rate': 0.003538223871241848, 'subsample': 0.5518925598403964, 'colsample_bytree': 0.6361332179103774, 'min_child_weight': 1, 'gamma': 0.000567972968152339, 'reg_alpha': 0.00043167166906663245, 'reg_lambda': 0.001860369621307895}
2026-09-29 11:40:41 | INFO    |     saved -> best_params.json
2026-09-29 11:40:46 | INFO    |     figures -> D:\code\ml-perovskite-buried\buried_interface_nestedCV\outputs\group_cv\figures
2026-09-29 11:40:46 | INFO    |     done in 133.8s
2026-09-29 11:40:46 | INFO    | >>> [group_nested] Group split + NestedCV | train=191 test=31 | outer folds=5
2026-09-29 11:41:18 | INFO    |     outer fold 1/5 | inner best CV RMSE = 1.3465 | n_train=152 n_test=39
2026-09-29 11:41:54 | INFO    |     outer fold 2/5 | inner best CV RMSE = 1.2761 | n_train=153 n_test=38
2026-09-29 11:42:27 | INFO    |     outer fold 3/5 | inner best CV RMSE = 1.2266 | n_train=153 n_test=38
2026-09-29 11:42:47 | INFO    |     outer fold 4/5 | inner best CV RMSE = 1.1986 | n_train=153 n_test=38
2026-09-29 11:43:20 | INFO    |     outer fold 5/5 | inner best CV RMSE = 1.2531 | n_train=153 n_test=38
2026-09-29 11:43:20 | INFO    |     deployed params from outer fold 4 (inner CV RMSE 1.1986): {'n_estimators': 150, 'max_depth': 6, 'learning_rate': 0.03723015269623531, 'subsample': 0.5170255065657519, 'colsample_bytree': 0.9163086646426568, 'min_child_weight': 9, 'gamma': 0.013168056904689914, 'reg_alpha': 0.012349122317226449, 'reg_lambda': 0.5990080026395955}
2026-09-29 11:43:20 | INFO    |     saved -> best_params.json
2026-09-29 11:43:29 | INFO    |     figures -> D:\code\ml-perovskite-buried\buried_interface_nestedCV\outputs\group_nested\figures
2026-09-29 11:43:29 | INFO    |     done in 162.9s
2026-09-29 11:43:29 | INFO    | tuning summary (best_cv_rmse is the search objective, not an unbiased estimate)
2026-09-29 11:43:29 | INFO    |         model                   label  split     cv  best_cv_rmse  n_trials  elapsed_s
2026-09-29 11:43:29 | INFO    |     random_cv       Random split + CV random     cv        1.1687       150      151.8
2026-09-29 11:43:29 | INFO    | random_nested Random split + NestedCV random nested        1.0841       300      211.5
2026-09-29 11:43:29 | INFO    |      group_cv        Group split + CV  group     cv        1.2551       150      133.8
2026-09-29 11:43:29 | INFO    |  group_nested  Group split + NestedCV  group nested        1.1986       300      162.9
2026-09-29 11:43:29 | INFO    | parameters -> outputs/<model>/best_params.json, summary -> tuning_summary.csv
2026-09-29 11:43:29 | INFO    | total elapsed 660.0s
