2026-09-29 11:43:29 | INFO    | data: n=222, features=27, unique molecules=196, target=delta_PCE
2026-09-29 11:43:29 | INFO    | >>> [random_cv] Random split + CV | reading parameters from best_params.json
2026-09-29 11:43:29 | INFO    |     selection: single Optuna search (150 trials) on the training split; objective = mean KFold RMSE
2026-09-29 11:43:31 | INFO    |     Train RMSE=0.4620 r=0.9850 R2=0.8691 | Test RMSE=1.5652 r=0.3004 R2=0.0571
2026-09-29 11:43:31 | INFO    |     CV    RMSE=1.1973 r=0.3499 R2=0.1211
2026-09-29 11:43:33 | INFO    |     figures -> D:\code\ml-perovskite-buried\buried_interface_nestedCV\outputs\random_cv\figures
2026-09-29 11:43:33 | INFO    |     done in 3.6s -> metrics.json
2026-09-29 11:43:33 | INFO    | >>> [random_nested] Random split + NestedCV | reading parameters from best_params.json
2026-09-29 11:43:33 | INFO    |     selection: nested CV: independent Optuna search per outer fold (60 trials each); deployed params taken from outer fold 5 (lowest inner CV RMSE = 1.0841)
2026-09-29 11:43:35 | INFO    |     nested CV: RMSE=1.2765  r=0.1672  R2=0.0009
2026-09-29 11:43:35 | INFO    |     Train RMSE=0.4366 r=0.9780 R2=0.8831 | Test RMSE=1.6079 r=0.2750 R2=0.0049
2026-09-29 11:43:35 | INFO    |     CV    RMSE=1.2633 r=0.2535 R2=0.0216
2026-09-29 11:43:38 | INFO    |     figures -> D:\code\ml-perovskite-buried\buried_interface_nestedCV\outputs\random_nested\figures
2026-09-29 11:43:38 | INFO    |     done in 5.5s -> metrics.json
2026-09-29 11:43:38 | INFO    | >>> [group_cv] Group split + CV | reading parameters from best_params.json
2026-09-29 11:43:38 | INFO    |     selection: single Optuna search (150 trials) on the training split; objective = mean GroupKFold RMSE
2026-09-29 11:43:40 | INFO    |     Train RMSE=0.7920 r=0.9582 R2=0.6393 | Test RMSE=1.4380 r=0.1295 R2=0.0107
2026-09-29 11:43:40 | INFO    |     CV    RMSE=1.2691 r=0.2729 R2=0.0738
2026-09-29 11:43:41 | INFO    |     figures -> D:\code\ml-perovskite-buried\buried_interface_nestedCV\outputs\group_cv\figures
2026-09-29 11:43:41 | INFO    |     done in 3.0s -> metrics.json
2026-09-29 11:43:41 | INFO    | >>> [group_nested] Group split + NestedCV | reading parameters from best_params.json
2026-09-29 11:43:41 | INFO    |     selection: nested CV: independent Optuna search per outer fold (60 trials each); deployed params taken from outer fold 4 (lowest inner CV RMSE = 1.1986)
2026-09-29 11:43:42 | INFO    |     nested CV: RMSE=1.3678  r=0.1140  R2=-0.0760
2026-09-29 11:43:42 | INFO    |     Train RMSE=0.6898 r=0.8949 R2=0.7263 | Test RMSE=1.5179 r=0.0554 R2=-0.1022
2026-09-29 11:43:42 | INFO    |     CV    RMSE=1.3144 r=0.2244 R2=0.0065
2026-09-29 11:43:45 | INFO    |     figures -> D:\code\ml-perovskite-buried\buried_interface_nestedCV\outputs\group_nested\figures
2026-09-29 11:43:45 | INFO    |     done in 3.4s -> metrics.json
2026-09-29 11:43:45 | INFO    | training summary
2026-09-29 11:43:45 | INFO    |         model                   label  split     cv  RMSE_train  Pearson_r_train  R2_train  RMSE_test  Pearson_r_test  R2_test  RMSE_cv  RMSE_nested  Pearson_r_cv  Pearson_r_nested  R2_cv  R2_nested  RMSE_cv_std  Pearson_r_cv_std  R2_cv_std
2026-09-29 11:43:45 | INFO    |     random_cv       Random split + CV random     cv      0.4620           0.9850    0.8691     1.5652          0.3004   0.0571   1.1973          NaN        0.3499               NaN 0.1211        NaN       0.2913            0.1673     0.1830
2026-09-29 11:43:45 | INFO    | random_nested Random split + NestedCV random nested      0.4366           0.9780    0.8831     1.6079          0.2750   0.0049   1.2633       1.2765        0.2535            0.1672 0.0216     0.0009       0.2947            0.1759     0.1968
2026-09-29 11:43:45 | INFO    |      group_cv        Group split + CV  group     cv      0.7920           0.9582    0.6393     1.4380          0.1295   0.0107   1.2691          NaN        0.2729               NaN 0.0738        NaN       0.2195            0.1506     0.1202
2026-09-29 11:43:45 | INFO    |  group_nested  Group split + NestedCV  group nested      0.6898           0.8949    0.7263     1.5179          0.0554  -0.1022   1.3144       1.3678        0.2244            0.1140 0.0065    -0.0760       0.2116            0.1605     0.3682
2026-09-29 11:43:45 | INFO    | total elapsed 15.5s
